Release 14.6 - xst P.68d (lin64)
Copyright (c) 1995-2013 Xilinx, Inc.  All rights reserved.
--> 
Parameter TMPDIR set to xst/projnav.tmp


Total REAL time to Xst completion: 0.00 secs
Total CPU time to Xst completion: 0.07 secs
 
--> 
Parameter xsthdpdir set to xst


Total REAL time to Xst completion: 0.00 secs
Total CPU time to Xst completion: 0.07 secs
 
--> 
Reading design: timer.prj

TABLE OF CONTENTS
  1) Synthesis Options Summary
  2) HDL Parsing
  3) HDL Elaboration
  4) HDL Synthesis
       4.1) HDL Synthesis Report
  5) Advanced HDL Synthesis
       5.1) Advanced HDL Synthesis Report
  6) Low Level Synthesis
  7) Partition Report
  8) Design Summary
       8.1) Primitive and Black Box Usage
       8.2) Device utilization summary
       8.3) Partition Resource Summary
       8.4) Timing Report
            8.4.1) Clock Information
            8.4.2) Asynchronous Control Signals Information
            8.4.3) Timing Summary
            8.4.4) Timing Details
            8.4.5) Cross Clock Domains Report


=========================================================================
*                      Synthesis Options Summary                        *
=========================================================================
---- Source Parameters
Input File Name                    : "timer.prj"
Ignore Synthesis Constraint File   : NO

---- Target Parameters
Output File Name                   : "timer"
Output Format                      : NGC
Target Device                      : xc7vx485t-2-ffg1761

---- Source Options
Top Module Name                    : timer
Automatic FSM Extraction           : YES
FSM Encoding Algorithm             : Auto
Safe Implementation                : No
FSM Style                          : LUT
RAM Extraction                     : Yes
RAM Style                          : Auto
ROM Extraction                     : Yes
Shift Register Extraction          : YES
ROM Style                          : Auto
Resource Sharing                   : YES
Asynchronous To Synchronous        : NO
Shift Register Minimum Size        : 2
Use DSP Block                      : Auto
Automatic Register Balancing       : No

---- Target Options
LUT Combining                      : Auto
Reduce Control Sets                : Auto
Add IO Buffers                     : YES
Global Maximum Fanout              : 100000
Add Generic Clock Buffer(BUFG)     : 32
Register Duplication               : YES
Optimize Instantiated Primitives   : NO
Use Clock Enable                   : Auto
Use Synchronous Set                : Auto
Use Synchronous Reset              : Auto
Pack IO Registers into IOBs        : Auto
Equivalent register Removal        : YES

---- General Options
Optimization Goal                  : Speed
Optimization Effort                : 1
Power Reduction                    : NO
Keep Hierarchy                     : No
Netlist Hierarchy                  : As_Optimized
RTL Output                         : Yes
Global Optimization                : AllClockNets
Read Cores                         : YES
Write Timing Constraints           : NO
Cross Clock Analysis               : NO
Hierarchy Separator                : /
Bus Delimiter                      : <>
Case Specifier                     : Maintain
Slice Utilization Ratio            : 100
BRAM Utilization Ratio             : 100
DSP48 Utilization Ratio            : 100
Auto BRAM Packing                  : NO
Slice Utilization Ratio Delta      : 5

=========================================================================


=========================================================================
*                          HDL Parsing                                  *
=========================================================================
Analyzing Verilog file "/homes/mmahmood/Aaron/timer.v" into library work
Parsing module <timer>.

=========================================================================
*                            HDL Elaboration                            *
=========================================================================

Elaborating module <timer>.
WARNING:HDLCompiler:413 - "/homes/mmahmood/Aaron/timer.v" Line 30: Result of 11-bit expression is truncated to fit in 10-bit target.

Elaborating module <IBUFDS(DIFF_TERM="FALSE",IBUF_LOW_PWR="TRUE",IOSTANDARD="DEFAULT")>.

=========================================================================
*                           HDL Synthesis                               *
=========================================================================

Synthesizing Unit <timer>.
    Related source file is "/homes/mmahmood/Aaron/timer.v".
        WIDTH = 10
        CLK_MUL = 1000
    Found 1-bit register for signal <timeout_interrupt>.
    Found 10-bit register for signal <r_reg>.
    Found 10-bit adder for signal <r_nxt> created at line 30.
    Summary:
	inferred   1 Adder/Subtractor(s).
	inferred  11 D-type flip-flop(s).
Unit <timer> synthesized.

=========================================================================
HDL Synthesis Report

Macro Statistics
# Adders/Subtractors                                   : 1
 10-bit adder                                          : 1
# Registers                                            : 2
 1-bit register                                        : 1
 10-bit register                                       : 1

=========================================================================

=========================================================================
*                       Advanced HDL Synthesis                          *
=========================================================================


Synthesizing (advanced) Unit <timer>.
The following registers are absorbed into counter <r_reg>: 1 register on signal <r_reg>.
Unit <timer> synthesized (advanced).

=========================================================================
Advanced HDL Synthesis Report

Macro Statistics
# Adders/Subtractors                                   : 1
 10-bit adder                                          : 1
# Counters                                             : 1
 10-bit up counter                                     : 1
# Registers                                            : 1
 Flip-Flops                                            : 1

=========================================================================

=========================================================================
*                         Low Level Synthesis                           *
=========================================================================

Optimizing unit <timer> ...

Mapping all equations...
Building and optimizing final netlist ...
Found area constraint ratio of 100 (+ 5) on block timer, actual ratio is 0.

Final Macro Processing ...

=========================================================================
Final Register Report

Macro Statistics
# Registers                                            : 11
 Flip-Flops                                            : 11

=========================================================================

=========================================================================
*                           Partition Report                            *
=========================================================================

Partition Implementation Status
-------------------------------

  No Partitions were found in this design.

-------------------------------

=========================================================================
*                            Design Summary                             *
=========================================================================

Top Level Output File Name         : timer.ngc

Primitive and Black Box Usage:
------------------------------
# BELS                             : 40
#      GND                         : 1
#      INV                         : 1
#      LUT1                        : 9
#      LUT2                        : 2
#      LUT3                        : 1
#      LUT5                        : 2
#      LUT6                        : 4
#      MUXCY                       : 9
#      VCC                         : 1
#      XORCY                       : 10
# FlipFlops/Latches                : 11
#      FD                          : 2
#      FDRE                        : 9
# IO Buffers                       : 3
#      IBUF                        : 1
#      IBUFDS                      : 1
#      OBUF                        : 1

Device utilization summary:
---------------------------

Selected Device : 7vx485tffg1761-2 


Slice Logic Utilization: 
 Number of Slice Registers:              11  out of  607200     0%  
 Number of Slice LUTs:                   19  out of  303600     0%  
    Number used as Logic:                19  out of  303600     0%  

Slice Logic Distribution: 
 Number of LUT Flip Flop pairs used:     19
   Number with an unused Flip Flop:       8  out of     19    42%  
   Number with an unused LUT:             0  out of     19     0%  
   Number of fully used LUT-FF pairs:    11  out of     19    57%  
   Number of unique control sets:         2

IO Utilization: 
 Number of IOs:                           4
 Number of bonded IOBs:                   4  out of    700     0%  

Specific Feature Utilization:

---------------------------
Partition Resource Summary:
---------------------------

  No Partitions were found in this design.

---------------------------


=========================================================================
Timing Report

NOTE: THESE TIMING NUMBERS ARE ONLY A SYNTHESIS ESTIMATE.
      FOR ACCURATE TIMING INFORMATION PLEASE REFER TO THE TRACE REPORT
      GENERATED AFTER PLACE-and-ROUTE.

Clock Information:
------------------
-----------------------------------+------------------------+-------+
Clock Signal                       | Clock buffer(FF name)  | Load  |
-----------------------------------+------------------------+-------+
clkp                               | IBUFDS                 | 11    |
-----------------------------------+------------------------+-------+

Asynchronous Control Signals Information:
----------------------------------------
No asynchronous control signals found in this design

Timing Summary:
---------------
Speed Grade: -2

   Minimum period: 1.946ns (Maximum Frequency: 513.980MHz)
   Minimum input arrival time before clock: 1.556ns
   Maximum output required time after clock: 0.580ns
   Maximum combinational path delay: No path found

Timing Details:
---------------
All values displayed in nanoseconds (ns)

=========================================================================
Timing constraint: Default period analysis for Clock 'clkp'
  Clock period: 1.946ns (frequency: 513.980MHz)
  Total number of paths / destination ports: 261 / 29
-------------------------------------------------------------------------
Delay:               1.946ns (Levels of Logic = 2)
  Source:            r_reg_1 (FF)
  Destination:       r_reg_1 (FF)
  Source Clock:      clkp rising
  Destination Clock: clkp rising

  Data Path: r_reg_1 to r_reg_1
                                Gate     Net
    Cell:in->out      fanout   Delay   Delay  Logical Name (Net Name)
    ----------------------------------------  ------------
     FDRE:C->Q             2   0.236   0.608  r_reg_1 (r_reg_1)
     LUT5:I0->O            4   0.043   0.367  GND_1_o_GND_1_o_equal_4_o<9>_SW0 (N01)
     LUT6:I5->O            9   0.043   0.384  _n00211 (_n0021)
     FDRE:R                    0.264          r_reg_1
    ----------------------------------------
    Total                      1.946ns (0.586ns logic, 1.360ns route)
                                       (30.1% logic, 69.9% route)

=========================================================================
Timing constraint: Default OFFSET IN BEFORE for Clock 'clkp'
  Total number of paths / destination ports: 11 / 11
-------------------------------------------------------------------------
Offset:              1.556ns (Levels of Logic = 3)
  Source:            reset (PAD)
  Destination:       r_reg_1 (FF)
  Destination Clock: clkp rising

  Data Path: reset to r_reg_1
                                Gate     Net
    Cell:in->out      fanout   Delay   Delay  Logical Name (Net Name)
    ----------------------------------------  ------------
     IBUF:I->O             3   0.000   0.417  reset_IBUF (reset_IBUF)
     LUT2:I0->O            1   0.043   0.405  GND_1_o_GND_1_o_equal_4_o<9>_SW1 (N2)
     LUT6:I4->O            9   0.043   0.384  _n00211 (_n0021)
     FDRE:R                    0.264          r_reg_1
    ----------------------------------------
    Total                      1.556ns (0.350ns logic, 1.206ns route)
                                       (22.5% logic, 77.5% route)

=========================================================================
Timing constraint: Default OFFSET OUT AFTER for Clock 'clkp'
  Total number of paths / destination ports: 1 / 1
-------------------------------------------------------------------------
Offset:              0.580ns (Levels of Logic = 1)
  Source:            timeout (FF)
  Destination:       timeout_interrupt (PAD)
  Source Clock:      clkp rising

  Data Path: timeout to timeout_interrupt
                                Gate     Net
    Cell:in->out      fanout   Delay   Delay  Logical Name (Net Name)
    ----------------------------------------  ------------
     FD:C->Q               2   0.236   0.344  timeout (timeout)
     OBUF:I->O                 0.000          timeout_interrupt_OBUF (timeout_interrupt)
    ----------------------------------------
    Total                      0.580ns (0.236ns logic, 0.344ns route)
                                       (40.7% logic, 59.3% route)

=========================================================================

Cross Clock Domains Report:
--------------------------

Clock to Setup on destination clock clkp
---------------+---------+---------+---------+---------+
               | Src:Rise| Src:Fall| Src:Rise| Src:Fall|
Source Clock   |Dest:Rise|Dest:Rise|Dest:Fall|Dest:Fall|
---------------+---------+---------+---------+---------+
clkp           |    1.946|         |         |         |
---------------+---------+---------+---------+---------+

=========================================================================


Total REAL time to Xst completion: 11.00 secs
Total CPU time to Xst completion: 10.32 secs
 
--> 


Total memory usage is 600612 kilobytes

Number of errors   :    0 (   0 filtered)
Number of warnings :    1 (   0 filtered)
Number of infos    :    0 (   0 filtered)

